// Jest Snapshot v1, https://goo.gl/fbAQLP

exports[`List should render correctly 1`] = `
<div
  class="alu-transfer-list"
>
  <div
    class="alu-transfer-list-header"
  >
    <label
      class="alu-checkbox-wrapper"
    >
      <span
        class="alu-checkbox alu-checkbox-indeterminate"
      >
        <input
          class="alu-checkbox-input"
          type="checkbox"
        />
        <span
          class="alu-checkbox-inner"
        />
      </span>
    </label>
    <span
      class="alu-transfer-list-header-selected"
    >
      <span>
        1/3 
      </span>
      <span
        class="alu-transfer-list-header-title"
      />
    </span>
  </div>
  <div
    class="alu-transfer-list-body"
  >
    <ul
      class="alu-transfer-list-content"
    >
      <li
        class="alu-transfer-list-content-item"
      >
        <label
          class="alu-checkbox-wrapper alu-checkbox-wrapper-checked"
        >
          <span
            class="alu-checkbox alu-checkbox-checked"
          >
            <input
              checked=""
              class="alu-checkbox-input"
              type="checkbox"
            />
            <span
              class="alu-checkbox-inner"
            />
          </span>
        </label>
        <span />
      </li>
      <li
        class="alu-transfer-list-content-item"
      >
        <label
          class="alu-checkbox-wrapper"
        >
          <span
            class="alu-checkbox"
          >
            <input
              class="alu-checkbox-input"
              type="checkbox"
            />
            <span
              class="alu-checkbox-inner"
            />
          </span>
        </label>
        <span />
      </li>
      <li
        class="alu-transfer-list-content-item alu-transfer-list-content-item-disabled"
      >
        <label
          class="alu-checkbox-wrapper alu-checkbox-wrapper-disabled"
        >
          <span
            class="alu-checkbox alu-checkbox-disabled"
          >
            <input
              class="alu-checkbox-input"
              disabled=""
              type="checkbox"
            />
            <span
              class="alu-checkbox-inner"
            />
          </span>
        </label>
        <span />
      </li>
    </ul>
  </div>
</div>
`;
